+---------------------------------------------+
|             Budget Analysis Report          |
+---------------------------------------------+
| Expenses        | Total Spent | %of Income  |
+---------------------------------------------+
| Rent            | $   1500.00 |      37.50% |
| Utilities       | $    200.00 |       5.00% |
| Groceries       | $    500.00 |      12.50% |
| Entertainment   | $    300.00 |       7.50% |
| Transportation  | $    100.00 |       2.50% |
+---------------------------------------------+
Gross Income: $4000.00
Total Expenses: $2500.00
Net Change: $1500.00
Income Percentage: 62.50%
